// Vitest Snapshot v1, https://vitest.dev/guide/snapshot.html

exports[`where the park puts things > lays the same zoo out the same way 1`] = `
[
  "110px,294px",
  "122px,113px",
  "242px,294px",
  "292px,113px",
  "410px,211px",
  "428px,113px",
  "50%,56%",
  "50%,56%",
  "510px,113px",
  "592px,113px",
]
`;
