// Vitest Snapshot v1, https://vitest.dev/guide/snapshot.html

exports[`where the park puts things > lays the same zoo out the same way 1`] = `
[
  "bridge at 242,294 in 120x60",
  "cafe at 110,294 in 108x84",
  "enc at 122,113 in 132x90",
  "enc2 at 292,113 in 172x114",
  "kiosk at 510,113 in 64x54",
  "riv at 410,211 in 1180x46",
  "stray at 428,113 in 64x60",
  "trees at 592,113 in 64x60",
]
`;
