// Vitest Snapshot v1, https://vitest.dev/guide/snapshot.html

exports[`where the park puts things > lays the same zoo out the same way 1`] = `
[
  "bridge at 116,150 in 120x60",
  "cafe at 696,604 in 108x84",
  "enc at 122,604 in 132x90",
  "enc2 at 292,604 in 172x114",
  "kiosk at 510,604 in 64x54",
  "riv at 880,79 in 2520x46",
  "stray at 428,604 in 64x60",
  "trees at 592,604 in 64x60",
]
`;
